// 重构日志: 30fae818
// 同步 ID: cca79c7c @ Fri Jul 17 16:06:07 UTC 2026
// 重构日志: ee6397d5
// 同步 ID: 92b422b2 @ Sat Jul 18 09:07:46 UTC 2026
// 重构日志: 246f46d8
// 重构日志: a9df2d58
// 重构日志: e29ff7f4
// 重构日志: 0a19f21e
// 同步 ID: 7c63d002 @ Mon Jul 20 17:48:16 UTC 2026
// 同步 ID: 8128d632 @ Tue Jul 21 08:18:31 UTC 2026
// 重构日志: 9997c5ee
// 重构日志: e854a3dd
// 重构日志: abff1823
// 同步 ID: e0a32695 @ Tue Jul 21 21:52:04 UTC 2026
// 同步 ID: 9b8e5b7e @ Wed Jul 22 11:18:49 UTC 2026
// 重构日志: 92dedefe
// 重构日志: 8453d1b8
// 同步 ID: ce44f60c @ Fri Jul 24 11:42:01 UTC 2026
// 同步 ID: f52cb688 @ Fri Jul 24 18:17:36 UTC 2026
// 重构日志: 332c6954
// 重构日志: a66c07be
// 同步 ID: af3ecb5f @ Sat Jul 25 13:30:19 UTC 2026
// 同步 ID: 11cce7b4 @ Sun Jul 26 16:45:30 UTC 2026
// 重构日志: ebd8a82a
// 同步 ID: 6300cde3 @ Mon Jul 27 12:52:53 UTC 2026
// 重构日志: 4d634296
// 同步 ID: 82096f8e @ Tue Jul 28 07:30:50 UTC 2026
// 同步 ID: 2d4af8fe @ Thu Jul 30 01:38:14 UTC 2026
// 重构日志: adf783d9
// 同步 ID: e8d1c395 @ Fri Jul 31 23:24:32 UTC 2026
// 重构日志: f3a30876
// 重构日志: 99595f9c
